
Discarded input sections

 .comment       0x00000000       0x10 build/convert.o
 .note.GNU-stack
                0x00000000        0x0 build/convert.o
 .riscv.attributes
                0x00000000       0x25 build/convert.o
 .comment       0x00000000       0x10 build/encoder.o
 .note.GNU-stack
                0x00000000        0x0 build/encoder.o
 .riscv.attributes
                0x00000000       0x25 build/encoder.o
 .comment       0x00000000       0x10 build/firmware.o
 .note.GNU-stack
                0x00000000        0x0 build/firmware.o
 .riscv.attributes
                0x00000000       0x25 build/firmware.o
 .comment       0x00000000       0x10 build/math_ops.o
 .note.GNU-stack
                0x00000000        0x0 build/math_ops.o
 .riscv.attributes
                0x00000000       0x25 build/math_ops.o
 .comment       0x00000000       0x10 build/print.o
 .note.GNU-stack
                0x00000000        0x0 build/print.o
 .riscv.attributes
                0x00000000       0x25 build/print.o
 .comment       0x00000000       0x10 build/sensor.o
 .note.GNU-stack
                0x00000000        0x0 build/sensor.o
 .riscv.attributes
                0x00000000       0x25 build/sensor.o
 .comment       0x00000000       0x10 build/tcnt.o
 .note.GNU-stack
                0x00000000        0x0 build/tcnt.o
 .riscv.attributes
                0x00000000       0x25 build/tcnt.o
 .riscv.attributes
                0x00000000       0x27 build/start.o

Memory Configuration

Name             Origin             Length             Attributes
ROM              0x00000000         0x00002000         xr
RAM              0x00002000         0x00002000         xrw
*default*        0x00000000         0xffffffff

Linker script and memory map


.text           0x00000000     0x1ac0
                0x00000000                        . = 0x0
 *(.init)
 .init          0x00000000      0x230 build/start.o
                0x00000000                start
                0x000001d8                sw_mult
 *(.text*)
 .text          0x00000230       0x58 build/convert.o
                0x00000230                convert
 .text          0x00000288      0xe14 build/encoder.o
                0x00000288                initialize_previous_pixel
                0x00000300                output_chunk8
                0x000003b0                output_chunk32
                0x00000434                reverse_endian
                0x000004c8                output_header
                0x00000550                compare_pixels
                0x00000628                run_chunk
                0x0000078c                get_hash
                0x0000085c                index_chunk
                0x00000a0c                diff_chunk
                0x00000b8c                luma_chunk
                0x00000d08                rgb_chunk
                0x00000dd4                rgba_chunk
                0x00000e64                end_marker
                0x00000ed4                output_chunk
 .text          0x0000109c       0xb4 build/firmware.o
                0x0000109c                irq_handler
                0x000010c4                main
 .text          0x00001150      0x590 build/math_ops.o
                0x00001150                umult
                0x000011c4                udiv
                0x0000125c                umod
                0x000012b8                matrix_mult
 .text          0x000016e0      0x298 build/print.o
                0x000016e0                print_chr
                0x00001718                print_str
                0x0000176c                print_hex
                0x00001820                print_dec
                0x0000191c                flash_leds
 .text          0x00001978       0x60 build/sensor.o
                0x00001978                SENSOR_fetch
 .text          0x000019d8       0xe8 build/tcnt.o
                0x000019d8                TCNT_start
                0x00001a10                TCNT_start_div8
                0x00001a4c                TCNT_start_div16
                0x00001a88                TCNT_stop
 .text          0x00001ac0        0x0 build/start.o

.data           0x00002000        0x0
                0x00000000                        . = 0x0
 *(.data)
 .data          0x00002000        0x0 build/convert.o
 .data          0x00002000        0x0 build/encoder.o
 .data          0x00002000        0x0 build/firmware.o
 .data          0x00002000        0x0 build/math_ops.o
 .data          0x00002000        0x0 build/print.o
 .data          0x00002000        0x0 build/sensor.o
 .data          0x00002000        0x0 build/tcnt.o
 .data          0x00002000        0x0 build/start.o

.rodata         0x00002000     0x1024
                0x00001000                        . = 0x1000
 *fill*         0x00002000     0x1000 
 *(.rodata)
 .rodata        0x00003000       0x23 build/print.o
                0x00003024                        . = ALIGN (0x4)
 *fill*         0x00003023        0x1 
 FILL mask 0xff

.eh_frame       0x00003024      0x52c
 .eh_frame      0x00003024       0x3c build/convert.o
 .eh_frame      0x00003060      0x270 build/encoder.o
                                0x284 (size before relaxing)
 .eh_frame      0x000032d0       0x48 build/firmware.o
                                 0x5c (size before relaxing)
 .eh_frame      0x00003318       0xa8 build/math_ops.o
                                 0xbc (size before relaxing)
 .eh_frame      0x000033c0       0xc8 build/print.o
                                 0xdc (size before relaxing)
 .eh_frame      0x00003488       0x28 build/sensor.o
                                 0x3c (size before relaxing)
 .eh_frame      0x000034b0       0xa0 build/tcnt.o
                                 0xb4 (size before relaxing)

.bss            0x00003550      0x100
 .bss           0x00003550        0x0 build/convert.o
 .bss           0x00003550      0x100 build/encoder.o
                0x00003550                RA
 .bss           0x00003650        0x0 build/firmware.o
 .bss           0x00003650        0x0 build/math_ops.o
 .bss           0x00003650        0x0 build/print.o
 .bss           0x00003650        0x0 build/sensor.o
 .bss           0x00003650        0x0 build/tcnt.o
 .bss           0x00003650        0x0 build/start.o

.sbss           0x00003650       0x14
 .sbss          0x00003650        0xd build/encoder.o
                0x00003650                previous_pixel_r
                0x00003651                previous_pixel_g
                0x00003652                previous_pixel_b
                0x00003653                previous_pixel_a
                0x00003654                chunk_index
                0x00003658                chunk_output
                0x0000365c                RLE
 *fill*         0x0000365d        0x3 
 .sbss          0x00003660        0x4 build/firmware.o
                0x00003660                counter

/DISCARD/
 *(.note*)
 *(.iplt*)
 *(.igot*)
 *(.rel*)
 *(.comment)
 *(.riscv.attributes)
LOAD build/convert.o
LOAD build/encoder.o
LOAD build/firmware.o
LOAD build/math_ops.o
LOAD build/print.o
LOAD build/sensor.o
LOAD build/tcnt.o
LOAD build/start.o
START GROUP
LOAD /opt/riscv/lib/gcc/riscv32-unknown-linux-gnu/14.2.0/libgcc.a
LOAD /opt/riscv/lib/gcc/riscv32-unknown-linux-gnu/14.2.0/libgcc_eh.a
LOAD /opt/riscv/sysroot/usr/lib/libc.a
END GROUP
OUTPUT(firmware.elf elf32-littleriscv)
