
Discarded input sections

 .comment       0x00000000       0x10 build/convert.o
 .note.GNU-stack
                0x00000000        0x0 build/convert.o
 .riscv.attributes
                0x00000000       0x25 build/convert.o
 .comment       0x00000000       0x10 build/encoder.o
 .note.GNU-stack
                0x00000000        0x0 build/encoder.o
 .riscv.attributes
                0x00000000       0x25 build/encoder.o
 .comment       0x00000000       0x10 build/firmware.o
 .note.GNU-stack
                0x00000000        0x0 build/firmware.o
 .riscv.attributes
                0x00000000       0x25 build/firmware.o
 .comment       0x00000000       0x10 build/math_ops.o
 .note.GNU-stack
                0x00000000        0x0 build/math_ops.o
 .riscv.attributes
                0x00000000       0x25 build/math_ops.o
 .comment       0x00000000       0x10 build/print.o
 .note.GNU-stack
                0x00000000        0x0 build/print.o
 .riscv.attributes
                0x00000000       0x25 build/print.o
 .comment       0x00000000       0x10 build/sensor.o
 .note.GNU-stack
                0x00000000        0x0 build/sensor.o
 .riscv.attributes
                0x00000000       0x25 build/sensor.o
 .comment       0x00000000       0x10 build/tcnt.o
 .note.GNU-stack
                0x00000000        0x0 build/tcnt.o
 .riscv.attributes
                0x00000000       0x25 build/tcnt.o
 .riscv.attributes
                0x00000000       0x27 build/start.o

Memory Configuration

Name             Origin             Length             Attributes
ROM              0x00000000         0x00002000         xr
RAM              0x00002000         0x00002000         xrw
*default*        0x00000000         0xffffffff

Linker script and memory map


.text           0x00000000     0x1a5c
                0x00000000                        . = 0x0
 *(.init)
 .init          0x00000000      0x230 build/start.o
                0x00000000                start
                0x000001d8                sw_mult
 *(.text*)
 .text          0x00000230       0x58 build/convert.o
                0x00000230                convert
 .text          0x00000288      0xd30 build/encoder.o
                0x00000288                initialize_previous_pixel
                0x000002fc                output_chunk8
                0x000003ac                output_chunk32
                0x00000430                reverse_endian
                0x000004c4                output_header
                0x0000054c                compare_pixels
                0x00000604                run_chunk
                0x00000768                get_hash
                0x00000834                index_chunk
                0x000009e4                diff_chunk
                0x00000b6c                luma_chunk
                0x00000cf0                rgb_chunk
                0x00000dc8                rgba_chunk
                0x00000e54                end_marker
                0x00000ec4                output_chunk
 .text          0x00000fb8      0x134 build/firmware.o
                0x00000fb8                irq_handler
                0x00000fe0                main
 .text          0x000010ec      0x590 build/math_ops.o
                0x000010ec                umult
                0x00001160                udiv
                0x000011f8                umod
                0x00001254                matrix_mult
 .text          0x0000167c      0x298 build/print.o
                0x0000167c                print_chr
                0x000016b4                print_str
                0x00001708                print_hex
                0x000017bc                print_dec
                0x000018b8                flash_leds
 .text          0x00001914       0x60 build/sensor.o
                0x00001914                SENSOR_fetch
 .text          0x00001974       0xe8 build/tcnt.o
                0x00001974                TCNT_start
                0x000019ac                TCNT_start_div8
                0x000019e8                TCNT_start_div16
                0x00001a24                TCNT_stop
 .text          0x00001a5c        0x0 build/start.o

.data           0x00002000        0x0
                0x00000000                        . = 0x0
 *(.data)
 .data          0x00002000        0x0 build/convert.o
 .data          0x00002000        0x0 build/encoder.o
 .data          0x00002000        0x0 build/firmware.o
 .data          0x00002000        0x0 build/math_ops.o
 .data          0x00002000        0x0 build/print.o
 .data          0x00002000        0x0 build/sensor.o
 .data          0x00002000        0x0 build/tcnt.o
 .data          0x00002000        0x0 build/start.o

.rodata         0x00002000     0x1024
                0x00001000                        . = 0x1000
 *fill*         0x00002000     0x1000 
 *(.rodata)
 .rodata        0x00003000       0x23 build/print.o
                0x00003024                        . = ALIGN (0x4)
 *fill*         0x00003023        0x1 
 FILL mask 0xff

.eh_frame       0x00003024      0x528
 .eh_frame      0x00003024       0x3c build/convert.o
 .eh_frame      0x00003060      0x26c build/encoder.o
                                0x280 (size before relaxing)
 .eh_frame      0x000032cc       0x48 build/firmware.o
                                 0x5c (size before relaxing)
 .eh_frame      0x00003314       0xa8 build/math_ops.o
                                 0xbc (size before relaxing)
 .eh_frame      0x000033bc       0xc8 build/print.o
                                 0xdc (size before relaxing)
 .eh_frame      0x00003484       0x28 build/sensor.o
                                 0x3c (size before relaxing)
 .eh_frame      0x000034ac       0xa0 build/tcnt.o
                                 0xb4 (size before relaxing)

.bss            0x0000354c      0x100
 .bss           0x0000354c        0x0 build/convert.o
 .bss           0x0000354c      0x100 build/encoder.o
                0x0000354c                RA
 .bss           0x0000364c        0x0 build/firmware.o
 .bss           0x0000364c        0x0 build/math_ops.o
 .bss           0x0000364c        0x0 build/print.o
 .bss           0x0000364c        0x0 build/sensor.o
 .bss           0x0000364c        0x0 build/tcnt.o
 .bss           0x0000364c        0x0 build/start.o

.sbss           0x0000364c       0x14
 .sbss          0x0000364c        0xd build/encoder.o
                0x0000364c                previous_pixel_r
                0x0000364d                previous_pixel_g
                0x0000364e                previous_pixel_b
                0x0000364f                previous_pixel_a
                0x00003650                chunk_index
                0x00003654                chunk_output
                0x00003658                RLE
 *fill*         0x00003659        0x3 
 .sbss          0x0000365c        0x4 build/firmware.o
                0x0000365c                counter

/DISCARD/
 *(.note*)
 *(.iplt*)
 *(.igot*)
 *(.rel*)
 *(.comment)
 *(.riscv.attributes)
LOAD build/convert.o
LOAD build/encoder.o
LOAD build/firmware.o
LOAD build/math_ops.o
LOAD build/print.o
LOAD build/sensor.o
LOAD build/tcnt.o
LOAD build/start.o
START GROUP
LOAD /opt/riscv/lib/gcc/riscv32-unknown-linux-gnu/14.2.0/libgcc.a
LOAD /opt/riscv/lib/gcc/riscv32-unknown-linux-gnu/14.2.0/libgcc_eh.a
LOAD /opt/riscv/sysroot/usr/lib/libc.a
END GROUP
OUTPUT(firmware.elf elf32-littleriscv)
